###############################################################################
#
# IAR ELF Linker V9.30.1.335/W64 for ARM                  10/Feb/2025  23:16:33
# Copyright 2007-2022 IAR Systems AB.
#
#    Output file  =
#        C:\Users\Alexej\Desktop\типо проекты\SPI
#        learning\SPI_test\EWARM\SPI_test\Exe\SPI_test.out
#    Map file     =
#        C:\Users\Alexej\Desktop\типо проекты\SPI
#        learning\SPI_test\EWARM\SPI_test\List\SPI_test.map
#    Command line =
#        -f "C:\Users\Alexej\Desktop\типо проекты\SPI
#        learning\SPI_test\EWARM\SPI_test\Exe\SPI_test.out.rsp"
#        ("C:\Users\Alexej\Desktop\типо проекты\SPI
#        learning\SPI_test\EWARM\SPI_test\Obj\Application\User\Core\gpio.o"
#        "C:\Users\Alexej\Desktop\типо проекты\SPI
#        learning\SPI_test\EWARM\SPI_test\Obj\custom_cod\input\input.o"
#        "C:\Users\Alexej\Desktop\типо проекты\SPI
#        learning\SPI_test\EWARM\SPI_test\Obj\Application\User\Core\main.o"
#        "C:\Users\Alexej\Desktop\типо проекты\SPI
#        learning\SPI_test\EWARM\SPI_test\Obj\Application\User\Core\spi.o"
#        "C:\Users\Alexej\Desktop\типо проекты\SPI
#        learning\SPI_test\EWARM\SPI_test\Obj\Application\EWARM\startup_stm32f401xc.o"
#        "C:\Users\Alexej\Desktop\типо проекты\SPI
#        learning\SPI_test\EWARM\SPI_test\Obj\Application\User\Core\stm32f4xx_it.o"
#        "C:\Users\Alexej\Desktop\типо проекты\SPI
#        learning\SPI_test\EWARM\SPI_test\Obj\Drivers\STM32F4xx_HAL_Driver\stm32f4xx_ll_dma.o"
#        "C:\Users\Alexej\Desktop\типо проекты\SPI
#        learning\SPI_test\EWARM\SPI_test\Obj\Drivers\STM32F4xx_HAL_Driver\stm32f4xx_ll_exti.o"
#        "C:\Users\Alexej\Desktop\типо проекты\SPI
#        learning\SPI_test\EWARM\SPI_test\Obj\Drivers\STM32F4xx_HAL_Driver\stm32f4xx_ll_gpio.o"
#        "C:\Users\Alexej\Desktop\типо проекты\SPI
#        learning\SPI_test\EWARM\SPI_test\Obj\Drivers\STM32F4xx_HAL_Driver\stm32f4xx_ll_rcc.o"
#        "C:\Users\Alexej\Desktop\типо проекты\SPI
#        learning\SPI_test\EWARM\SPI_test\Obj\Drivers\STM32F4xx_HAL_Driver\stm32f4xx_ll_spi.o"
#        "C:\Users\Alexej\Desktop\типо проекты\SPI
#        learning\SPI_test\EWARM\SPI_test\Obj\Drivers\STM32F4xx_HAL_Driver\stm32f4xx_ll_tim.o"
#        "C:\Users\Alexej\Desktop\типо проекты\SPI
#        learning\SPI_test\EWARM\SPI_test\Obj\Drivers\STM32F4xx_HAL_Driver\stm32f4xx_ll_utils.o"
#        "C:\Users\Alexej\Desktop\типо проекты\SPI
#        learning\SPI_test\EWARM\SPI_test\Obj\Drivers\CMSIS\system_stm32f4xx.o"
#        "C:\Users\Alexej\Desktop\типо проекты\SPI
#        learning\SPI_test\EWARM\SPI_test\Obj\Application\User\Core\tim.o"
#        --redirect _Printf=_PrintfFull --redirect _Scanf=_ScanfFull
#        --no_out_extension -o "C:\Users\Alexej\Desktop\типо проекты\SPI
#        learning\SPI_test\EWARM\SPI_test\Exe\SPI_test.out" --map
#        "C:\Users\Alexej\Desktop\типо проекты\SPI
#        learning\SPI_test\EWARM\SPI_test\List\SPI_test.map" --config
#        "C:\Users\Alexej\Desktop\типо проекты\SPI
#        learning\SPI_test\EWARM/stm32f401xc_flash.icf" --semihosting --entry
#        __iar_program_start --vfe --text_out locale --cpu=Cortex-M4
#        --fpu=VFPv4_sp)
#
###############################################################################

*******************************************************************************
*** RUNTIME MODEL ATTRIBUTES
***

CppFlavor       = *
__CPP_Runtime   = 1
__SystemLibrary = DLib
__dlib_version  = 6


*******************************************************************************
*** HEAP SELECTION
***

The basic heap was selected because --advanced_heap
was not specified and the application did not appear to
be primarily optimized for speed.


*******************************************************************************
*** PLACEMENT SUMMARY
***

"A0":  place at address 0x800'0000 { ro section .intvec };
"P1":  place in [from 0x800'0000 to 0x803'ffff] { ro };
define block CSTACK with size = 1K, alignment = 8 { };
define block HEAP with size = 512, alignment = 8 { };
"P2":  place in [from 0x2000'0000 to 0x2000'ffff] {
          rw, block CSTACK, block HEAP };
initialize by copy { rw };

  Section            Kind         Address   Size  Object
  -------            ----         -------   ----  ------
"A0":                                      0x194
  .intvec            ro code   0x800'0000  0x194  startup_stm32f401xc.o [1]
                             - 0x800'0194  0x194

"P1":                                      0xc40
  .text              ro code   0x800'0194  0x250  main.o [2]
  .text              ro code   0x800'03e4   0x88  gpio.o [2]
  .text              ro code   0x800'046c  0x250  spi.o [2]
  .text              ro code   0x800'06bc  0x128  tim.o [2]
  .text              ro code   0x800'07e4   0x44  stm32f4xx_ll_utils.o [4]
  .text              ro code   0x800'0828   0x14  memset.o [8]
  .text              ro code   0x800'083c  0x17a  stm32f4xx_ll_gpio.o [4]
  .text              ro code   0x800'09b6   0x2a  copy_init3.o [8]
  .text              ro code   0x800'09e0   0x84  stm32f4xx_ll_spi.o [4]
  .text              ro code   0x800'0a64   0xd4  stm32f4xx_ll_tim.o [4]
  .text              ro code   0x800'0b38   0x66  ABImemset.o [8]
  .text              ro code   0x800'0ba0   0x5c  stm32f4xx_it.o [2]
  .text              ro code   0x800'0bfc   0x10  input.o [5]
  .text              ro code   0x800'0c0c   0x28  data_init.o [8]
  .text              ro code   0x800'0c34   0x22  fpinit_M.o [7]
  .iar.init_table    const     0x800'0c58   0x14  - Linker created -
  .text              ro code   0x800'0c6c   0x1e  cmain.o [8]
  .text              ro code   0x800'0c8a    0x4  low_level_init.o [6]
  .text              ro code   0x800'0c8e    0x4  exit.o [6]
  .text              ro code   0x800'0c94    0xa  cexit.o [8]
  .text              ro code   0x800'0ca0   0x14  exit.o [9]
  .text              ro code   0x800'0cb4   0x1c  cstartup_M.o [8]
  .text              ro code   0x800'0cd0   0x10  startup_stm32f401xc.o [1]
  .text              ro code   0x800'0ce0   0x10  system_stm32f4xx.o [3]
  Initializer bytes  const     0x800'0cf0    0x8  <for P2-1>
  .text              ro code   0x800'0cf8    0x4  startup_stm32f401xc.o [1]
  .text              ro code   0x800'0cfc    0x4  startup_stm32f401xc.o [1]
  .text              ro code   0x800'0d00    0x4  startup_stm32f401xc.o [1]
  .text              ro code   0x800'0d04    0x4  startup_stm32f401xc.o [1]
  .text              ro code   0x800'0d08    0x4  startup_stm32f401xc.o [1]
  .text              ro code   0x800'0d0c    0x4  startup_stm32f401xc.o [1]
  .text              ro code   0x800'0d10    0x4  startup_stm32f401xc.o [1]
  .text              ro code   0x800'0d14    0x4  startup_stm32f401xc.o [1]
  .text              ro code   0x800'0d18    0x4  startup_stm32f401xc.o [1]
  .text              ro code   0x800'0d1c    0x4  startup_stm32f401xc.o [1]
  .text              ro code   0x800'0d20    0x4  startup_stm32f401xc.o [1]
  .text              ro code   0x800'0d24    0x4  startup_stm32f401xc.o [1]
  .text              ro code   0x800'0d28    0x4  startup_stm32f401xc.o [1]
  .text              ro code   0x800'0d2c    0x4  startup_stm32f401xc.o [1]
  .text              ro code   0x800'0d30    0x4  startup_stm32f401xc.o [1]
  .text              ro code   0x800'0d34    0x4  startup_stm32f401xc.o [1]
  .text              ro code   0x800'0d38    0x4  startup_stm32f401xc.o [1]
  .text              ro code   0x800'0d3c    0x4  startup_stm32f401xc.o [1]
  .text              ro code   0x800'0d40    0x4  startup_stm32f401xc.o [1]
  .text              ro code   0x800'0d44    0x4  startup_stm32f401xc.o [1]
  .text              ro code   0x800'0d48    0x4  startup_stm32f401xc.o [1]
  .text              ro code   0x800'0d4c    0x4  startup_stm32f401xc.o [1]
  .text              ro code   0x800'0d50    0x4  startup_stm32f401xc.o [1]
  .text              ro code   0x800'0d54    0x4  startup_stm32f401xc.o [1]
  .text              ro code   0x800'0d58    0x4  startup_stm32f401xc.o [1]
  .text              ro code   0x800'0d5c    0x4  startup_stm32f401xc.o [1]
  .text              ro code   0x800'0d60    0x4  startup_stm32f401xc.o [1]
  .text              ro code   0x800'0d64    0x4  startup_stm32f401xc.o [1]
  .text              ro code   0x800'0d68    0x4  startup_stm32f401xc.o [1]
  .text              ro code   0x800'0d6c    0x4  startup_stm32f401xc.o [1]
  .text              ro code   0x800'0d70    0x4  startup_stm32f401xc.o [1]
  .text              ro code   0x800'0d74    0x4  startup_stm32f401xc.o [1]
  .text              ro code   0x800'0d78    0x4  startup_stm32f401xc.o [1]
  .text              ro code   0x800'0d7c    0x4  startup_stm32f401xc.o [1]
  .text              ro code   0x800'0d80    0x4  startup_stm32f401xc.o [1]
  .text              ro code   0x800'0d84    0x4  startup_stm32f401xc.o [1]
  .text              ro code   0x800'0d88    0x4  startup_stm32f401xc.o [1]
  .text              ro code   0x800'0d8c    0x4  startup_stm32f401xc.o [1]
  .text              ro code   0x800'0d90    0x4  startup_stm32f401xc.o [1]
  .text              ro code   0x800'0d94    0x4  startup_stm32f401xc.o [1]
  .text              ro code   0x800'0d98    0x4  startup_stm32f401xc.o [1]
  .text              ro code   0x800'0d9c    0x4  startup_stm32f401xc.o [1]
  .text              ro code   0x800'0da0    0x4  startup_stm32f401xc.o [1]
  .text              ro code   0x800'0da4    0x4  startup_stm32f401xc.o [1]
  .text              ro code   0x800'0da8    0x4  startup_stm32f401xc.o [1]
  .text              ro code   0x800'0dac    0x4  startup_stm32f401xc.o [1]
  .text              ro code   0x800'0db0    0x4  startup_stm32f401xc.o [1]
  .text              ro code   0x800'0db4    0x4  startup_stm32f401xc.o [1]
  .text              ro code   0x800'0db8    0x4  startup_stm32f401xc.o [1]
  .text              ro code   0x800'0dbc    0x4  startup_stm32f401xc.o [1]
  .text              ro code   0x800'0dc0    0x4  startup_stm32f401xc.o [1]
  .text              ro code   0x800'0dc4    0x4  startup_stm32f401xc.o [1]
  .text              ro code   0x800'0dc8    0x4  startup_stm32f401xc.o [1]
  .text              ro code   0x800'0dcc    0x4  startup_stm32f401xc.o [1]
  .text              ro code   0x800'0dd0    0x4  startup_stm32f401xc.o [1]
  .rodata            const     0x800'0dd4    0x0  copy_init3.o [8]
                             - 0x800'0dd4  0xc40

"P2", part 1 of 2:                           0x8
  P2-1                        0x2000'0000    0x5  <Init block>
    .data            inited   0x2000'0000    0x4  system_stm32f4xx.o [3]
    .bss             inited   0x2000'0004    0x1  stm32f4xx_it.o [2]
                            - 0x2000'0005    0x5

"P2", part 2 of 2:                         0x400
  CSTACK                      0x2000'0008  0x400  <Block>
    CSTACK           uninit   0x2000'0008  0x400  <Block tail>
                            - 0x2000'0408  0x400

Unused ranges:

         From           To      Size
         ----           --      ----
   0x800'0dd4   0x803'ffff  0x3'f22c
  0x2000'0408  0x2000'ffff    0xfbf8


*******************************************************************************
*** INIT TABLE
***

          Address      Size
          -------      ----
Copy (__iar_copy_init3)
    1 source range, total size 0x8 (160% of destination):
           0x800'0cf0   0x8
    1 destination range, total size 0x5:
          0x2000'0000   0x5



*******************************************************************************
*** MODULE SUMMARY
***

    Module                 ro code  ro data  rw data
    ------                 -------  -------  -------
command line/config:
    ------------------------------------------------
    Total:

C:\Users\Alexej\Desktop\типо проекты\SPI learning\SPI_test\EWARM\SPI_test\Obj\Application\EWARM: [1]
    startup_stm32f401xc.o      640
    ------------------------------------------------
    Total:                     640

C:\Users\Alexej\Desktop\типо проекты\SPI learning\SPI_test\EWARM\SPI_test\Obj\Application\User\Core: [2]
    gpio.o                     136
    main.o                     592
    spi.o                      592
    stm32f4xx_it.o              92        1        1
    tim.o                      296
    ------------------------------------------------
    Total:                   1'708        1        1

C:\Users\Alexej\Desktop\типо проекты\SPI learning\SPI_test\EWARM\SPI_test\Obj\Drivers\CMSIS: [3]
    system_stm32f4xx.o          16        4        4
    ------------------------------------------------
    Total:                      16        4        4

C:\Users\Alexej\Desktop\типо проекты\SPI learning\SPI_test\EWARM\SPI_test\Obj\Drivers\STM32F4xx_HAL_Driver: [4]
    stm32f4xx_ll_gpio.o        378
    stm32f4xx_ll_spi.o         132
    stm32f4xx_ll_tim.o         212
    stm32f4xx_ll_utils.o        68
    ------------------------------------------------
    Total:                     790

C:\Users\Alexej\Desktop\типо проекты\SPI learning\SPI_test\EWARM\SPI_test\Obj\custom_cod\input: [5]
    input.o                     16
    ------------------------------------------------
    Total:                      16

dl7M_tln.a: [6]
    exit.o                       4
    low_level_init.o             4
    ------------------------------------------------
    Total:                       8

m7M_tls.a: [7]
    fpinit_M.o                  34
    ------------------------------------------------
    Total:                      34

rt7M_tl.a: [8]
    ABImemset.o                102
    cexit.o                     10
    cmain.o                     30
    copy_init3.o                42
    cstartup_M.o                28
    data_init.o                 40
    memset.o                    20
    ------------------------------------------------
    Total:                     272

shb_l.a: [9]
    exit.o                      20
    ------------------------------------------------
    Total:                      20

    Gaps                         6        2
    Linker created                       23    1'024
----------------------------------------------------
    Grand Total:             3'510       30    1'029


*******************************************************************************
*** ENTRY LIST
***

Entry                       Address  Size  Type      Object
-----                       -------  ----  ----      ------
.iar.init_table$$Base    0x800'0c58         --   Gb  - Linker created -
.iar.init_table$$Limit   0x800'0c6c         --   Gb  - Linker created -
?main                    0x800'0c6d        Code  Gb  cmain.o [8]
ADC_IRQHandler           0x800'0d49        Code  Wk  startup_stm32f401xc.o [1]
BusFault_Handler         0x800'0ba7   0x2  Code  Gb  stm32f4xx_it.o [2]
CSTACK$$Base            0x2000'0008         --   Gb  - Linker created -
CSTACK$$Limit           0x2000'0408         --   Gb  - Linker created -
DMA1_Stream0_IRQHandler
                         0x800'0d2d        Code  Wk  startup_stm32f401xc.o [1]
DMA1_Stream1_IRQHandler
                         0x800'0d31        Code  Wk  startup_stm32f401xc.o [1]
DMA1_Stream2_IRQHandler
                         0x800'0d35        Code  Wk  startup_stm32f401xc.o [1]
DMA1_Stream3_IRQHandler
                         0x800'0d39        Code  Wk  startup_stm32f401xc.o [1]
DMA1_Stream4_IRQHandler
                         0x800'0d3d        Code  Wk  startup_stm32f401xc.o [1]
DMA1_Stream5_IRQHandler
                         0x800'0d41        Code  Wk  startup_stm32f401xc.o [1]
DMA1_Stream6_IRQHandler
                         0x800'0d45        Code  Wk  startup_stm32f401xc.o [1]
DMA1_Stream7_IRQHandler
                         0x800'0d91        Code  Wk  startup_stm32f401xc.o [1]
DMA2_Stream0_IRQHandler
                         0x800'0d9d        Code  Wk  startup_stm32f401xc.o [1]
DMA2_Stream1_IRQHandler
                         0x800'0da1        Code  Wk  startup_stm32f401xc.o [1]
DMA2_Stream2_IRQHandler
                         0x800'0da5        Code  Wk  startup_stm32f401xc.o [1]
DMA2_Stream3_IRQHandler
                         0x800'0da9        Code  Wk  startup_stm32f401xc.o [1]
DMA2_Stream4_IRQHandler
                         0x800'0dad        Code  Wk  startup_stm32f401xc.o [1]
DMA2_Stream5_IRQHandler
                         0x800'0db5        Code  Wk  startup_stm32f401xc.o [1]
DMA2_Stream6_IRQHandler
                         0x800'0db9        Code  Wk  startup_stm32f401xc.o [1]
DMA2_Stream7_IRQHandler
                         0x800'0dbd        Code  Wk  startup_stm32f401xc.o [1]
DebugMon_Handler         0x800'0cfd        Code  Wk  startup_stm32f401xc.o [1]
EXTI0_IRQHandler         0x800'0d19        Code  Wk  startup_stm32f401xc.o [1]
EXTI15_10_IRQHandler     0x800'0d85        Code  Wk  startup_stm32f401xc.o [1]
EXTI1_IRQHandler         0x800'0d1d        Code  Wk  startup_stm32f401xc.o [1]
EXTI2_IRQHandler         0x800'0d21        Code  Wk  startup_stm32f401xc.o [1]
EXTI3_IRQHandler         0x800'0d25        Code  Wk  startup_stm32f401xc.o [1]
EXTI4_IRQHandler         0x800'0d29        Code  Wk  startup_stm32f401xc.o [1]
EXTI9_5_IRQHandler       0x800'0d4d        Code  Wk  startup_stm32f401xc.o [1]
FLASH_IRQHandler         0x800'0d11        Code  Wk  startup_stm32f401xc.o [1]
FPU_IRQHandler           0x800'0dcd        Code  Wk  startup_stm32f401xc.o [1]
HardFault_Handler        0x800'0ba3   0x2  Code  Gb  stm32f4xx_it.o [2]
I2C1_ER_IRQHandler       0x800'0d6d        Code  Wk  startup_stm32f401xc.o [1]
I2C1_EV_IRQHandler       0x800'0d69        Code  Wk  startup_stm32f401xc.o [1]
I2C2_ER_IRQHandler       0x800'0d75        Code  Wk  startup_stm32f401xc.o [1]
I2C2_EV_IRQHandler       0x800'0d71        Code  Wk  startup_stm32f401xc.o [1]
I2C3_ER_IRQHandler       0x800'0dc9        Code  Wk  startup_stm32f401xc.o [1]
I2C3_EV_IRQHandler       0x800'0dc5        Code  Wk  startup_stm32f401xc.o [1]
LL_AHB1_GRP1_EnableClock
                         0x800'03e5  0x16  Code  Lc  gpio.o [2]
LL_AHB1_GRP1_EnableClock
                         0x800'0503  0x16  Code  Lc  spi.o [2]
LL_APB1_GRP1_EnableClock
                         0x800'02a1  0x16  Code  Lc  main.o [2]
LL_APB1_GRP1_EnableClock
                         0x800'0519  0x16  Code  Lc  spi.o [2]
LL_APB2_GRP1_EnableClock
                         0x800'02b7  0x16  Code  Lc  main.o [2]
LL_APB2_GRP1_EnableClock
                         0x800'052f  0x16  Code  Lc  spi.o [2]
LL_APB2_GRP1_EnableClock
                         0x800'0753  0x16  Code  Lc  tim.o [2]
LL_FLASH_GetLatency      0x800'02db   0xa  Code  Lc  main.o [2]
LL_FLASH_SetLatency      0x800'02cd   0xe  Code  Lc  main.o [2]
LL_GPIO_Init             0x800'0929  0x8e  Code  Gb  stm32f4xx_ll_gpio.o [4]
LL_GPIO_ResetOutputPin   0x800'03fb   0x6  Code  Lc  gpio.o [2]
LL_GPIO_SetAFPin_0_7     0x800'08cd  0x2a  Code  Lc  stm32f4xx_ll_gpio.o [4]
LL_GPIO_SetAFPin_8_15    0x800'08f7  0x32  Code  Lc  stm32f4xx_ll_gpio.o [4]
LL_GPIO_SetPinMode       0x800'083d  0x2a  Code  Lc  stm32f4xx_ll_gpio.o [4]
LL_GPIO_SetPinOutputType
                         0x800'0867  0x12  Code  Lc  stm32f4xx_ll_gpio.o [4]
LL_GPIO_SetPinPull       0x800'08a3  0x2a  Code  Lc  stm32f4xx_ll_gpio.o [4]
LL_GPIO_SetPinSpeed      0x800'0879  0x2a  Code  Lc  stm32f4xx_ll_gpio.o [4]
LL_Init1msTick           0x800'0803  0x10  Code  Gb  stm32f4xx_ll_utils.o [4]
LL_InitTick              0x800'07e5  0x1e  Code  Lc  stm32f4xx_ll_utils.o [4]
LL_PWR_SetRegulVoltageScaling
                         0x800'02e5   0xe  Code  Lc  main.o [2]
LL_RCC_GetSysClkSource   0x800'025f   0xa  Code  Lc  main.o [2]
LL_RCC_HSI_Enable        0x800'0229   0xc  Code  Lc  main.o [2]
LL_RCC_HSI_IsReady       0x800'0235   0xc  Code  Lc  main.o [2]
LL_RCC_HSI_SetCalibTrimming
                         0x800'0241  0x10  Code  Lc  main.o [2]
LL_RCC_SetAHBPrescaler   0x800'0269   0xe  Code  Lc  main.o [2]
LL_RCC_SetAPB1Prescaler
                         0x800'0277   0xe  Code  Lc  main.o [2]
LL_RCC_SetAPB2Prescaler
                         0x800'0285   0xe  Code  Lc  main.o [2]
LL_RCC_SetSysClkSource   0x800'0251   0xe  Code  Lc  main.o [2]
LL_RCC_SetTIMPrescaler   0x800'0293   0xe  Code  Lc  main.o [2]
LL_SPI_Init              0x800'09f3  0x6e  Code  Gb  stm32f4xx_ll_spi.o [4]
LL_SPI_IsEnabled         0x800'09e1   0xa  Code  Lc  stm32f4xx_ll_spi.o [4]
LL_SPI_SetCRCPolynomial
                         0x800'09eb   0x8  Code  Lc  stm32f4xx_ll_spi.o [4]
LL_SPI_SetStandard       0x800'0545   0xc  Code  Lc  spi.o [2]
LL_SetSystemCoreClock    0x800'0813   0x6  Code  Gb  stm32f4xx_ll_utils.o [4]
LL_TIM_DisableARRPreload
                         0x800'0769   0xa  Code  Lc  tim.o [2]
LL_TIM_GenerateEvent_UPDATE
                         0x800'0a71   0xa  Code  Lc  stm32f4xx_ll_tim.o [4]
LL_TIM_Init              0x800'0a7b  0xa0  Code  Gb  stm32f4xx_ll_tim.o [4]
LL_TIM_SetAutoReload     0x800'0a69   0x4  Code  Lc  stm32f4xx_ll_tim.o [4]
LL_TIM_SetPrescaler      0x800'0a65   0x4  Code  Lc  stm32f4xx_ll_tim.o [4]
LL_TIM_SetRepetitionCounter
                         0x800'0a6d   0x4  Code  Lc  stm32f4xx_ll_tim.o [4]
MX_GPIO_Init             0x800'0401  0x64  Code  Gb  gpio.o [2]
MX_SPI1_Init             0x800'0551  0xa2  Code  Gb  spi.o [2]
MX_SPI3_Init             0x800'05f3  0x9c  Code  Gb  spi.o [2]
MX_TIM10_Init            0x800'0773  0x56  Code  Gb  tim.o [2]
MemManage_Handler        0x800'0ba5   0x2  Code  Gb  stm32f4xx_it.o [2]
NMI_Handler              0x800'0ba1   0x2  Code  Gb  stm32f4xx_it.o [2]
NVIC_EncodePriority      0x800'01e9  0x40  Code  Lc  main.o [2]
NVIC_EncodePriority      0x800'04c3  0x40  Code  Lc  spi.o [2]
NVIC_EncodePriority      0x800'0713  0x40  Code  Lc  tim.o [2]
OTG_FS_IRQHandler        0x800'0db1        Code  Wk  startup_stm32f401xc.o [1]
OTG_FS_WKUP_IRQHandler   0x800'0d8d        Code  Wk  startup_stm32f401xc.o [1]
PVD_IRQHandler           0x800'0d05        Code  Wk  startup_stm32f401xc.o [1]
PendSV_Handler           0x800'0bab   0x2  Code  Gb  stm32f4xx_it.o [2]
RCC_IRQHandler           0x800'0d15        Code  Wk  startup_stm32f401xc.o [1]
RTC_Alarm_IRQHandler     0x800'0d89        Code  Wk  startup_stm32f401xc.o [1]
RTC_WKUP_IRQHandler      0x800'0d0d        Code  Wk  startup_stm32f401xc.o [1]
Region$$Table$$Base      0x800'0c58         --   Gb  - Linker created -
Region$$Table$$Limit     0x800'0c6c         --   Gb  - Linker created -
Reset_Handler            0x800'0cd1        Code  Wk  startup_stm32f401xc.o [1]
SDIO_IRQHandler          0x800'0d95        Code  Wk  startup_stm32f401xc.o [1]
SPI1_IRQHandler          0x800'0bf9   0x2  Code  Gb  stm32f4xx_it.o [2]
SPI2_IRQHandler          0x800'0d79        Code  Wk  startup_stm32f401xc.o [1]
SPI3_IRQHandler          0x800'0bfb   0x2  Code  Gb  stm32f4xx_it.o [2]
SPI4_IRQHandler          0x800'0dd1        Code  Wk  startup_stm32f401xc.o [1]
SVC_Handler              0x800'0cf9        Code  Wk  startup_stm32f401xc.o [1]
SysTick_Handler          0x800'0bad   0x2  Code  Gb  stm32f4xx_it.o [2]
SystemClock_Config       0x800'034b  0x60  Code  Gb  main.o [2]
SystemCoreClock         0x2000'0000   0x4  Data  Gb  system_stm32f4xx.o [3]
SystemInit               0x800'0ce1   0xc  Code  Gb  system_stm32f4xx.o [3]
TAMP_STAMP_IRQHandler    0x800'0d09        Code  Wk  startup_stm32f401xc.o [1]
TIM1_BRK_TIM9_IRQHandler
                         0x800'0d51        Code  Wk  startup_stm32f401xc.o [1]
TIM1_CC_IRQHandler       0x800'0d59        Code  Wk  startup_stm32f401xc.o [1]
TIM1_TRG_COM_TIM11_IRQHandler
                         0x800'0d55        Code  Wk  startup_stm32f401xc.o [1]
TIM1_UP_TIM10_IRQHandler
                         0x800'0baf  0x3e  Code  Gb  stm32f4xx_it.o [2]
TIM2_IRQHandler          0x800'0d5d        Code  Wk  startup_stm32f401xc.o [1]
TIM3_IRQHandler          0x800'0d61        Code  Wk  startup_stm32f401xc.o [1]
TIM4_IRQHandler          0x800'0d65        Code  Wk  startup_stm32f401xc.o [1]
TIM5_IRQHandler          0x800'0d99        Code  Wk  startup_stm32f401xc.o [1]
USART1_IRQHandler        0x800'0d7d        Code  Wk  startup_stm32f401xc.o [1]
USART2_IRQHandler        0x800'0d81        Code  Wk  startup_stm32f401xc.o [1]
USART6_IRQHandler        0x800'0dc1        Code  Wk  startup_stm32f401xc.o [1]
UsageFault_Handler       0x800'0ba9   0x2  Code  Gb  stm32f4xx_it.o [2]
WWDG_IRQHandler          0x800'0d01        Code  Wk  startup_stm32f401xc.o [1]
__NVIC_EnableIRQ         0x800'0479  0x1e  Code  Lc  spi.o [2]
__NVIC_EnableIRQ         0x800'06c9  0x1e  Code  Lc  tim.o [2]
__NVIC_GetPriorityGrouping
                         0x800'01b3   0xa  Code  Lc  main.o [2]
__NVIC_GetPriorityGrouping
                         0x800'046d   0xa  Code  Lc  spi.o [2]
__NVIC_GetPriorityGrouping
                         0x800'06bd   0xa  Code  Lc  tim.o [2]
__NVIC_SetPriority       0x800'01bd  0x2c  Code  Lc  main.o [2]
__NVIC_SetPriority       0x800'0497  0x2c  Code  Lc  spi.o [2]
__NVIC_SetPriority       0x800'06e7  0x2c  Code  Lc  tim.o [2]
__NVIC_SetPriorityGrouping
                         0x800'0195  0x1e  Code  Lc  main.o [2]
__aeabi_memset           0x800'0b39        Code  Gb  ABImemset.o [8]
__cmain                  0x800'0c6d        Code  Gb  cmain.o [8]
__exit                   0x800'0ca1  0x14  Code  Gb  exit.o [9]
__iar_Memset             0x800'0b39        Code  Gb  ABImemset.o [8]
__iar_Memset_word        0x800'0b41        Code  Gb  ABImemset.o [8]
__iar_copy_init3         0x800'09b7  0x2a  Code  Gb  copy_init3.o [8]
__iar_data_init3         0x800'0c0d  0x28  Code  Gb  data_init.o [8]
__iar_init_vfp           0x800'0c35        Code  Gb  fpinit_M.o [7]
__iar_program_start      0x800'0cb5        Code  Gb  cstartup_M.o [8]
__low_level_init         0x800'0c8b   0x4  Code  Gb  low_level_init.o [6]
__vector_table           0x800'0000        Data  Gb  startup_stm32f401xc.o [1]
_call_main               0x800'0c79        Code  Gb  cmain.o [8]
_exit                    0x800'0c95        Code  Gb  cexit.o [8]
exit                     0x800'0c8f   0x4  Code  Gb  exit.o [6]
ibal                    0x2000'0004   0x1  Data  Lc  stm32f4xx_it.o [2]
inputCheck               0x800'0bfd  0x10  Code  Gb  input.o [5]
main                     0x800'02f3  0x58  Code  Gb  main.o [2]
memset                   0x800'0829  0x14  Code  Gb  memset.o [8]


[1] = C:\Users\Alexej\Desktop\типо проекты\SPI learning\SPI_test\EWARM\SPI_test\Obj\Application\EWARM
[2] = C:\Users\Alexej\Desktop\типо проекты\SPI learning\SPI_test\EWARM\SPI_test\Obj\Application\User\Core
[3] = C:\Users\Alexej\Desktop\типо проекты\SPI learning\SPI_test\EWARM\SPI_test\Obj\Drivers\CMSIS
[4] = C:\Users\Alexej\Desktop\типо проекты\SPI learning\SPI_test\EWARM\SPI_test\Obj\Drivers\STM32F4xx_HAL_Driver
[5] = C:\Users\Alexej\Desktop\типо проекты\SPI learning\SPI_test\EWARM\SPI_test\Obj\custom_cod\input
[6] = dl7M_tln.a
[7] = m7M_tls.a
[8] = rt7M_tl.a
[9] = shb_l.a

  3'510 bytes of readonly  code memory
     30 bytes of readonly  data memory
  1'029 bytes of readwrite data memory

Errors: none
Warnings: none
