###############################################################################
#
# IAR ELF Linker V9.30.1.335/W64 for ARM                  23/Mar/2025  13:53:27
# Copyright 2007-2022 IAR Systems AB.
#
#    Output file  =
#        C:\Users\Alexej\Desktop\типо проекты\SPI
#        learning\SPI_test\EWARM\SPI_test\Exe\SPI_test.out
#    Map file     =
#        C:\Users\Alexej\Desktop\типо проекты\SPI
#        learning\SPI_test\EWARM\SPI_test\List\SPI_test.map
#    Command line =
#        -f "C:\Users\Alexej\Desktop\типо проекты\SPI
#        learning\SPI_test\EWARM\SPI_test\Exe\SPI_test.out.rsp"
#        ("C:\Users\Alexej\Desktop\типо проекты\SPI
#        learning\SPI_test\EWARM\SPI_test\Obj\custom_cod\SPI_interface\Dominator\driverM.o"
#        "C:\Users\Alexej\Desktop\типо проекты\SPI
#        learning\SPI_test\EWARM\SPI_test\Obj\custom_cod\SPI_interface\FuckingSlave\driverS.o"
#        "C:\Users\Alexej\Desktop\типо проекты\SPI
#        learning\SPI_test\EWARM\SPI_test\Obj\Application\User\Core\gpio.o"
#        "C:\Users\Alexej\Desktop\типо проекты\SPI
#        learning\SPI_test\EWARM\SPI_test\Obj\custom_cod\input\input.o"
#        "C:\Users\Alexej\Desktop\типо проекты\SPI
#        learning\SPI_test\EWARM\SPI_test\Obj\Application\User\Core\main.o"
#        "C:\Users\Alexej\Desktop\типо проекты\SPI
#        learning\SPI_test\EWARM\SPI_test\Obj\Application\User\Core\spi.o"
#        "C:\Users\Alexej\Desktop\типо проекты\SPI
#        learning\SPI_test\EWARM\SPI_test\Obj\Application\EWARM\startup_stm32f401xc.o"
#        "C:\Users\Alexej\Desktop\типо проекты\SPI
#        learning\SPI_test\EWARM\SPI_test\Obj\Application\User\Core\stm32f4xx_it.o"
#        "C:\Users\Alexej\Desktop\типо проекты\SPI
#        learning\SPI_test\EWARM\SPI_test\Obj\Drivers\STM32F4xx_HAL_Driver\stm32f4xx_ll_dma.o"
#        "C:\Users\Alexej\Desktop\типо проекты\SPI
#        learning\SPI_test\EWARM\SPI_test\Obj\Drivers\STM32F4xx_HAL_Driver\stm32f4xx_ll_exti.o"
#        "C:\Users\Alexej\Desktop\типо проекты\SPI
#        learning\SPI_test\EWARM\SPI_test\Obj\Drivers\STM32F4xx_HAL_Driver\stm32f4xx_ll_gpio.o"
#        "C:\Users\Alexej\Desktop\типо проекты\SPI
#        learning\SPI_test\EWARM\SPI_test\Obj\Drivers\STM32F4xx_HAL_Driver\stm32f4xx_ll_rcc.o"
#        "C:\Users\Alexej\Desktop\типо проекты\SPI
#        learning\SPI_test\EWARM\SPI_test\Obj\Drivers\STM32F4xx_HAL_Driver\stm32f4xx_ll_spi.o"
#        "C:\Users\Alexej\Desktop\типо проекты\SPI
#        learning\SPI_test\EWARM\SPI_test\Obj\Drivers\STM32F4xx_HAL_Driver\stm32f4xx_ll_tim.o"
#        "C:\Users\Alexej\Desktop\типо проекты\SPI
#        learning\SPI_test\EWARM\SPI_test\Obj\Drivers\STM32F4xx_HAL_Driver\stm32f4xx_ll_utils.o"
#        "C:\Users\Alexej\Desktop\типо проекты\SPI
#        learning\SPI_test\EWARM\SPI_test\Obj\Drivers\CMSIS\system_stm32f4xx.o"
#        "C:\Users\Alexej\Desktop\типо проекты\SPI
#        learning\SPI_test\EWARM\SPI_test\Obj\Application\User\Core\tim.o"
#        --redirect _Printf=_PrintfFull --redirect _Scanf=_ScanfFull
#        --no_out_extension -o "C:\Users\Alexej\Desktop\типо проекты\SPI
#        learning\SPI_test\EWARM\SPI_test\Exe\SPI_test.out" --map
#        "C:\Users\Alexej\Desktop\типо проекты\SPI
#        learning\SPI_test\EWARM\SPI_test\List\SPI_test.map" --config
#        "C:\Users\Alexej\Desktop\типо проекты\SPI
#        learning\SPI_test\EWARM/stm32f401xc_flash.icf" --semihosting --entry
#        __iar_program_start --vfe --text_out locale --cpu=Cortex-M4
#        --fpu=VFPv4_sp)
#
###############################################################################

*******************************************************************************
*** RUNTIME MODEL ATTRIBUTES
***

CppFlavor       = *
__CPP_Runtime   = 1
__SystemLibrary = DLib
__dlib_version  = 6


*******************************************************************************
*** HEAP SELECTION
***

The basic heap was selected because --advanced_heap
was not specified and the application did not appear to
be primarily optimized for speed.


*******************************************************************************
*** PLACEMENT SUMMARY
***

"A0":  place at address 0x800'0000 { ro section .intvec };
"P1":  place in [from 0x800'0000 to 0x803'ffff] { ro };
define block CSTACK with size = 1K, alignment = 8 { };
define block HEAP with size = 512, alignment = 8 { };
"P2":  place in [from 0x2000'0000 to 0x2000'ffff] {
          rw, block CSTACK, block HEAP };
initialize by copy { rw };

  Section            Kind         Address   Size  Object
  -------            ----         -------   ----  ------
"A0":                                      0x194
  .intvec            ro code   0x800'0000  0x194  startup_stm32f401xc.o [1]
                             - 0x800'0194  0x194

"P1":                                      0xd88
  .text              ro code   0x800'0194  0x270  main.o [2]
  .text              ro code   0x800'0404   0x88  gpio.o [2]
  .text              ro code   0x800'048c  0x250  spi.o [2]
  .text              ro code   0x800'06dc  0x128  tim.o [2]
  .text              ro code   0x800'0804   0x86  driverM.o [5]
  .text              ro code   0x800'088a   0x2a  copy_init3.o [10]
  .text              ro code   0x800'08b4   0x44  stm32f4xx_ll_utils.o [4]
  .text              ro code   0x800'08f8   0x14  memset.o [10]
  .text              ro code   0x800'090c  0x17a  stm32f4xx_ll_gpio.o [4]
  .text              ro code   0x800'0a88   0x84  stm32f4xx_ll_spi.o [4]
  .text              ro code   0x800'0b0c   0xd4  stm32f4xx_ll_tim.o [4]
  .text              ro code   0x800'0be0   0x66  ABImemset.o [10]
  .text              ro code   0x800'0c48   0xe4  stm32f4xx_it.o [2]
  .text              ro code   0x800'0d2c   0x10  input.o [7]
  .text              ro code   0x800'0d3c    0xe  driverS.o [6]
  .text              ro code   0x800'0d4c   0x28  data_init.o [10]
  .text              ro code   0x800'0d74   0x22  fpinit_M.o [9]
  .iar.init_table    const     0x800'0d98   0x14  - Linker created -
  .text              ro code   0x800'0dac   0x1e  cmain.o [10]
  .text              ro code   0x800'0dca    0x4  low_level_init.o [8]
  .text              ro code   0x800'0dce    0x4  exit.o [8]
  .text              ro code   0x800'0dd4    0xa  cexit.o [10]
  .text              ro code   0x800'0de0   0x14  exit.o [11]
  .text              ro code   0x800'0df4   0x1c  cstartup_M.o [10]
  .text              ro code   0x800'0e10   0x10  startup_stm32f401xc.o [1]
  .text              ro code   0x800'0e20   0x10  system_stm32f4xx.o [3]
  Initializer bytes  const     0x800'0e30   0x10  <for P2-1>
  .text              ro code   0x800'0e40    0x4  startup_stm32f401xc.o [1]
  .text              ro code   0x800'0e44    0x4  startup_stm32f401xc.o [1]
  .text              ro code   0x800'0e48    0x4  startup_stm32f401xc.o [1]
  .text              ro code   0x800'0e4c    0x4  startup_stm32f401xc.o [1]
  .text              ro code   0x800'0e50    0x4  startup_stm32f401xc.o [1]
  .text              ro code   0x800'0e54    0x4  startup_stm32f401xc.o [1]
  .text              ro code   0x800'0e58    0x4  startup_stm32f401xc.o [1]
  .text              ro code   0x800'0e5c    0x4  startup_stm32f401xc.o [1]
  .text              ro code   0x800'0e60    0x4  startup_stm32f401xc.o [1]
  .text              ro code   0x800'0e64    0x4  startup_stm32f401xc.o [1]
  .text              ro code   0x800'0e68    0x4  startup_stm32f401xc.o [1]
  .text              ro code   0x800'0e6c    0x4  startup_stm32f401xc.o [1]
  .text              ro code   0x800'0e70    0x4  startup_stm32f401xc.o [1]
  .text              ro code   0x800'0e74    0x4  startup_stm32f401xc.o [1]
  .text              ro code   0x800'0e78    0x4  startup_stm32f401xc.o [1]
  .text              ro code   0x800'0e7c    0x4  startup_stm32f401xc.o [1]
  .text              ro code   0x800'0e80    0x4  startup_stm32f401xc.o [1]
  .text              ro code   0x800'0e84    0x4  startup_stm32f401xc.o [1]
  .text              ro code   0x800'0e88    0x4  startup_stm32f401xc.o [1]
  .text              ro code   0x800'0e8c    0x4  startup_stm32f401xc.o [1]
  .text              ro code   0x800'0e90    0x4  startup_stm32f401xc.o [1]
  .text              ro code   0x800'0e94    0x4  startup_stm32f401xc.o [1]
  .text              ro code   0x800'0e98    0x4  startup_stm32f401xc.o [1]
  .text              ro code   0x800'0e9c    0x4  startup_stm32f401xc.o [1]
  .text              ro code   0x800'0ea0    0x4  startup_stm32f401xc.o [1]
  .text              ro code   0x800'0ea4    0x4  startup_stm32f401xc.o [1]
  .text              ro code   0x800'0ea8    0x4  startup_stm32f401xc.o [1]
  .text              ro code   0x800'0eac    0x4  startup_stm32f401xc.o [1]
  .text              ro code   0x800'0eb0    0x4  startup_stm32f401xc.o [1]
  .text              ro code   0x800'0eb4    0x4  startup_stm32f401xc.o [1]
  .text              ro code   0x800'0eb8    0x4  startup_stm32f401xc.o [1]
  .text              ro code   0x800'0ebc    0x4  startup_stm32f401xc.o [1]
  .text              ro code   0x800'0ec0    0x4  startup_stm32f401xc.o [1]
  .text              ro code   0x800'0ec4    0x4  startup_stm32f401xc.o [1]
  .text              ro code   0x800'0ec8    0x4  startup_stm32f401xc.o [1]
  .text              ro code   0x800'0ecc    0x4  startup_stm32f401xc.o [1]
  .text              ro code   0x800'0ed0    0x4  startup_stm32f401xc.o [1]
  .text              ro code   0x800'0ed4    0x4  startup_stm32f401xc.o [1]
  .text              ro code   0x800'0ed8    0x4  startup_stm32f401xc.o [1]
  .text              ro code   0x800'0edc    0x4  startup_stm32f401xc.o [1]
  .text              ro code   0x800'0ee0    0x4  startup_stm32f401xc.o [1]
  .text              ro code   0x800'0ee4    0x4  startup_stm32f401xc.o [1]
  .text              ro code   0x800'0ee8    0x4  startup_stm32f401xc.o [1]
  .text              ro code   0x800'0eec    0x4  startup_stm32f401xc.o [1]
  .text              ro code   0x800'0ef0    0x4  startup_stm32f401xc.o [1]
  .text              ro code   0x800'0ef4    0x4  startup_stm32f401xc.o [1]
  .text              ro code   0x800'0ef8    0x4  startup_stm32f401xc.o [1]
  .text              ro code   0x800'0efc    0x4  startup_stm32f401xc.o [1]
  .text              ro code   0x800'0f00    0x4  startup_stm32f401xc.o [1]
  .text              ro code   0x800'0f04    0x4  startup_stm32f401xc.o [1]
  .text              ro code   0x800'0f08    0x4  startup_stm32f401xc.o [1]
  .text              ro code   0x800'0f0c    0x4  startup_stm32f401xc.o [1]
  .text              ro code   0x800'0f10    0x4  startup_stm32f401xc.o [1]
  .text              ro code   0x800'0f14    0x4  startup_stm32f401xc.o [1]
  .text              ro code   0x800'0f18    0x4  startup_stm32f401xc.o [1]
  .rodata            const     0x800'0f1c    0x0  copy_init3.o [10]
                             - 0x800'0f1c  0xd88

"P2", part 1 of 2:                          0x10
  P2-1                        0x2000'0000   0x10  <Init block>
    .data            inited   0x2000'0000    0x4  system_stm32f4xx.o [3]
    .data            inited   0x2000'0004    0x2  stm32f4xx_it.o [2]
    .bss             inited   0x2000'0006    0x2  stm32f4xx_it.o [2]
    .bss             inited   0x2000'0008    0x2  stm32f4xx_it.o [2]
    .data            inited   0x2000'000a    0x1  stm32f4xx_it.o [2]
    .bss             inited   0x2000'000b    0x1  stm32f4xx_it.o [2]
    .bss             inited   0x2000'000c    0x1  stm32f4xx_it.o [2]
    .bss             inited   0x2000'000d    0x1  stm32f4xx_it.o [2]
    .bss             inited   0x2000'000e    0x1  stm32f4xx_it.o [2]
    .bss             inited   0x2000'000f    0x1  stm32f4xx_it.o [2]
                            - 0x2000'0010   0x10

"P2", part 2 of 2:                         0x400
  CSTACK                      0x2000'0010  0x400  <Block>
    CSTACK           uninit   0x2000'0010  0x400  <Block tail>
                            - 0x2000'0410  0x400

Unused ranges:

         From           To      Size
         ----           --      ----
   0x800'0f1c   0x803'ffff  0x3'f0e4
  0x2000'0410  0x2000'ffff    0xfbf0


*******************************************************************************
*** INIT TABLE
***

          Address      Size
          -------      ----
Copy (__iar_copy_init3)
    1 source range, total size 0x10:
           0x800'0e30  0x10
    1 destination range, total size 0x10:
          0x2000'0000  0x10



*******************************************************************************
*** MODULE SUMMARY
***

    Module                 ro code  ro data  rw data
    ------                 -------  -------  -------
command line/config:
    ------------------------------------------------
    Total:

C:\Users\Alexej\Desktop\типо проекты\SPI learning\SPI_test\EWARM\SPI_test\Obj\Application\EWARM: [1]
    startup_stm32f401xc.o      640
    ------------------------------------------------
    Total:                     640

C:\Users\Alexej\Desktop\типо проекты\SPI learning\SPI_test\EWARM\SPI_test\Obj\Application\User\Core: [2]
    gpio.o                     136
    main.o                     624
    spi.o                      592
    stm32f4xx_it.o             228       12       12
    tim.o                      296
    ------------------------------------------------
    Total:                   1'876       12       12

C:\Users\Alexej\Desktop\типо проекты\SPI learning\SPI_test\EWARM\SPI_test\Obj\Drivers\CMSIS: [3]
    system_stm32f4xx.o          16        4        4
    ------------------------------------------------
    Total:                      16        4        4

C:\Users\Alexej\Desktop\типо проекты\SPI learning\SPI_test\EWARM\SPI_test\Obj\Drivers\STM32F4xx_HAL_Driver: [4]
    stm32f4xx_ll_gpio.o        378
    stm32f4xx_ll_spi.o         132
    stm32f4xx_ll_tim.o         212
    stm32f4xx_ll_utils.o        68
    ------------------------------------------------
    Total:                     790

C:\Users\Alexej\Desktop\типо проекты\SPI learning\SPI_test\EWARM\SPI_test\Obj\custom_cod\SPI_interface\Dominator: [5]
    driverM.o                  134
    ------------------------------------------------
    Total:                     134

C:\Users\Alexej\Desktop\типо проекты\SPI learning\SPI_test\EWARM\SPI_test\Obj\custom_cod\SPI_interface\FuckingSlave: [6]
    driverS.o                   14
    ------------------------------------------------
    Total:                      14

C:\Users\Alexej\Desktop\типо проекты\SPI learning\SPI_test\EWARM\SPI_test\Obj\custom_cod\input: [7]
    input.o                     16
    ------------------------------------------------
    Total:                      16

dl7M_tln.a: [8]
    exit.o                       4
    low_level_init.o             4
    ------------------------------------------------
    Total:                       8

m7M_tls.a: [9]
    fpinit_M.o                  34
    ------------------------------------------------
    Total:                      34

rt7M_tl.a: [10]
    ABImemset.o                102
    cexit.o                     10
    cmain.o                     30
    copy_init3.o                42
    cstartup_M.o                28
    data_init.o                 40
    memset.o                    20
    ------------------------------------------------
    Total:                     272

shb_l.a: [11]
    exit.o                      20
    ------------------------------------------------
    Total:                      20

    Gaps                        10        2
    Linker created                       20    1'024
----------------------------------------------------
    Grand Total:             3'830       38    1'040


*******************************************************************************
*** ENTRY LIST
***

Entry                       Address  Size  Type      Object
-----                       -------  ----  ----      ------
.iar.init_table$$Base    0x800'0d98         --   Gb  - Linker created -
.iar.init_table$$Limit   0x800'0dac         --   Gb  - Linker created -
?main                    0x800'0dad        Code  Gb  cmain.o [10]
ADC_IRQHandler           0x800'0e91        Code  Wk  startup_stm32f401xc.o [1]
BusFault_Handler         0x800'0c4f   0x2  Code  Gb  stm32f4xx_it.o [2]
CSTACK$$Base            0x2000'0010         --   Gb  - Linker created -
CSTACK$$Limit           0x2000'0410         --   Gb  - Linker created -
DMA1_Stream0_IRQHandler
                         0x800'0e75        Code  Wk  startup_stm32f401xc.o [1]
DMA1_Stream1_IRQHandler
                         0x800'0e79        Code  Wk  startup_stm32f401xc.o [1]
DMA1_Stream2_IRQHandler
                         0x800'0e7d        Code  Wk  startup_stm32f401xc.o [1]
DMA1_Stream3_IRQHandler
                         0x800'0e81        Code  Wk  startup_stm32f401xc.o [1]
DMA1_Stream4_IRQHandler
                         0x800'0e85        Code  Wk  startup_stm32f401xc.o [1]
DMA1_Stream5_IRQHandler
                         0x800'0e89        Code  Wk  startup_stm32f401xc.o [1]
DMA1_Stream6_IRQHandler
                         0x800'0e8d        Code  Wk  startup_stm32f401xc.o [1]
DMA1_Stream7_IRQHandler
                         0x800'0ed9        Code  Wk  startup_stm32f401xc.o [1]
DMA2_Stream0_IRQHandler
                         0x800'0ee5        Code  Wk  startup_stm32f401xc.o [1]
DMA2_Stream1_IRQHandler
                         0x800'0ee9        Code  Wk  startup_stm32f401xc.o [1]
DMA2_Stream2_IRQHandler
                         0x800'0eed        Code  Wk  startup_stm32f401xc.o [1]
DMA2_Stream3_IRQHandler
                         0x800'0ef1        Code  Wk  startup_stm32f401xc.o [1]
DMA2_Stream4_IRQHandler
                         0x800'0ef5        Code  Wk  startup_stm32f401xc.o [1]
DMA2_Stream5_IRQHandler
                         0x800'0efd        Code  Wk  startup_stm32f401xc.o [1]
DMA2_Stream6_IRQHandler
                         0x800'0f01        Code  Wk  startup_stm32f401xc.o [1]
DMA2_Stream7_IRQHandler
                         0x800'0f05        Code  Wk  startup_stm32f401xc.o [1]
DebugMon_Handler         0x800'0e45        Code  Wk  startup_stm32f401xc.o [1]
EXTI0_IRQHandler         0x800'0e61        Code  Wk  startup_stm32f401xc.o [1]
EXTI15_10_IRQHandler     0x800'0ecd        Code  Wk  startup_stm32f401xc.o [1]
EXTI1_IRQHandler         0x800'0e65        Code  Wk  startup_stm32f401xc.o [1]
EXTI2_IRQHandler         0x800'0e69        Code  Wk  startup_stm32f401xc.o [1]
EXTI3_IRQHandler         0x800'0e6d        Code  Wk  startup_stm32f401xc.o [1]
EXTI4_IRQHandler         0x800'0e71        Code  Wk  startup_stm32f401xc.o [1]
EXTI9_5_IRQHandler       0x800'0e95        Code  Wk  startup_stm32f401xc.o [1]
FLASH_IRQHandler         0x800'0e59        Code  Wk  startup_stm32f401xc.o [1]
FPU_IRQHandler           0x800'0f15        Code  Wk  startup_stm32f401xc.o [1]
HardFault_Handler        0x800'0c4b   0x2  Code  Gb  stm32f4xx_it.o [2]
I2C1_ER_IRQHandler       0x800'0eb5        Code  Wk  startup_stm32f401xc.o [1]
I2C1_EV_IRQHandler       0x800'0eb1        Code  Wk  startup_stm32f401xc.o [1]
I2C2_ER_IRQHandler       0x800'0ebd        Code  Wk  startup_stm32f401xc.o [1]
I2C2_EV_IRQHandler       0x800'0eb9        Code  Wk  startup_stm32f401xc.o [1]
I2C3_ER_IRQHandler       0x800'0f11        Code  Wk  startup_stm32f401xc.o [1]
I2C3_EV_IRQHandler       0x800'0f0d        Code  Wk  startup_stm32f401xc.o [1]
LL_AHB1_GRP1_EnableClock
                         0x800'0405  0x16  Code  Lc  gpio.o [2]
LL_AHB1_GRP1_EnableClock
                         0x800'0523  0x16  Code  Lc  spi.o [2]
LL_APB1_GRP1_EnableClock
                         0x800'02a1  0x16  Code  Lc  main.o [2]
LL_APB1_GRP1_EnableClock
                         0x800'0539  0x16  Code  Lc  spi.o [2]
LL_APB2_GRP1_EnableClock
                         0x800'02b7  0x16  Code  Lc  main.o [2]
LL_APB2_GRP1_EnableClock
                         0x800'054f  0x16  Code  Lc  spi.o [2]
LL_APB2_GRP1_EnableClock
                         0x800'0773  0x16  Code  Lc  tim.o [2]
LL_FLASH_GetLatency      0x800'02db   0xa  Code  Lc  main.o [2]
LL_FLASH_SetLatency      0x800'02cd   0xe  Code  Lc  main.o [2]
LL_GPIO_Init             0x800'09f9  0x8e  Code  Gb  stm32f4xx_ll_gpio.o [4]
LL_GPIO_ResetOutputPin   0x800'041b   0x6  Code  Lc  gpio.o [2]
LL_GPIO_SetAFPin_0_7     0x800'099d  0x2a  Code  Lc  stm32f4xx_ll_gpio.o [4]
LL_GPIO_SetAFPin_8_15    0x800'09c7  0x32  Code  Lc  stm32f4xx_ll_gpio.o [4]
LL_GPIO_SetPinMode       0x800'090d  0x2a  Code  Lc  stm32f4xx_ll_gpio.o [4]
LL_GPIO_SetPinOutputType
                         0x800'0937  0x12  Code  Lc  stm32f4xx_ll_gpio.o [4]
LL_GPIO_SetPinPull       0x800'0973  0x2a  Code  Lc  stm32f4xx_ll_gpio.o [4]
LL_GPIO_SetPinSpeed      0x800'0949  0x2a  Code  Lc  stm32f4xx_ll_gpio.o [4]
LL_Init1msTick           0x800'08d3  0x10  Code  Gb  stm32f4xx_ll_utils.o [4]
LL_InitTick              0x800'08b5  0x1e  Code  Lc  stm32f4xx_ll_utils.o [4]
LL_PWR_SetRegulVoltageScaling
                         0x800'02e5   0xe  Code  Lc  main.o [2]
LL_RCC_GetSysClkSource   0x800'025f   0xa  Code  Lc  main.o [2]
LL_RCC_HSI_Enable        0x800'0229   0xc  Code  Lc  main.o [2]
LL_RCC_HSI_IsReady       0x800'0235   0xc  Code  Lc  main.o [2]
LL_RCC_HSI_SetCalibTrimming
                         0x800'0241  0x10  Code  Lc  main.o [2]
LL_RCC_SetAHBPrescaler   0x800'0269   0xe  Code  Lc  main.o [2]
LL_RCC_SetAPB1Prescaler
                         0x800'0277   0xe  Code  Lc  main.o [2]
LL_RCC_SetAPB2Prescaler
                         0x800'0285   0xe  Code  Lc  main.o [2]
LL_RCC_SetSysClkSource   0x800'0251   0xe  Code  Lc  main.o [2]
LL_RCC_SetTIMPrescaler   0x800'0293   0xe  Code  Lc  main.o [2]
LL_SPI_Init              0x800'0a9b  0x6e  Code  Gb  stm32f4xx_ll_spi.o [4]
LL_SPI_IsEnabled         0x800'0a89   0xa  Code  Lc  stm32f4xx_ll_spi.o [4]
LL_SPI_SetCRCPolynomial
                         0x800'0a93   0x8  Code  Lc  stm32f4xx_ll_spi.o [4]
LL_SPI_SetStandard       0x800'0565   0xc  Code  Lc  spi.o [2]
LL_SetSystemCoreClock    0x800'08e3   0x6  Code  Gb  stm32f4xx_ll_utils.o [4]
LL_TIM_DisableARRPreload
                         0x800'0789   0xa  Code  Lc  tim.o [2]
LL_TIM_GenerateEvent_UPDATE
                         0x800'0b19   0xa  Code  Lc  stm32f4xx_ll_tim.o [4]
LL_TIM_Init              0x800'0b23  0xa0  Code  Gb  stm32f4xx_ll_tim.o [4]
LL_TIM_SetAutoReload     0x800'0b11   0x4  Code  Lc  stm32f4xx_ll_tim.o [4]
LL_TIM_SetPrescaler      0x800'0b0d   0x4  Code  Lc  stm32f4xx_ll_tim.o [4]
LL_TIM_SetRepetitionCounter
                         0x800'0b15   0x4  Code  Lc  stm32f4xx_ll_tim.o [4]
MX_GPIO_Init             0x800'0421  0x64  Code  Gb  gpio.o [2]
MX_SPI1_Init             0x800'0571  0xa2  Code  Gb  spi.o [2]
MX_SPI3_Init             0x800'0613  0x9c  Code  Gb  spi.o [2]
MX_TIM10_Init            0x800'0793  0x56  Code  Gb  tim.o [2]
MemManage_Handler        0x800'0c4d   0x2  Code  Gb  stm32f4xx_it.o [2]
NMI_Handler              0x800'0c49   0x2  Code  Gb  stm32f4xx_it.o [2]
NVIC_EncodePriority      0x800'01e9  0x40  Code  Lc  main.o [2]
NVIC_EncodePriority      0x800'04e3  0x40  Code  Lc  spi.o [2]
NVIC_EncodePriority      0x800'0733  0x40  Code  Lc  tim.o [2]
OTG_FS_IRQHandler        0x800'0ef9        Code  Wk  startup_stm32f401xc.o [1]
OTG_FS_WKUP_IRQHandler   0x800'0ed5        Code  Wk  startup_stm32f401xc.o [1]
PVD_IRQHandler           0x800'0e4d        Code  Wk  startup_stm32f401xc.o [1]
PendSV_Handler           0x800'0c53   0x2  Code  Gb  stm32f4xx_it.o [2]
RCC_IRQHandler           0x800'0e5d        Code  Wk  startup_stm32f401xc.o [1]
RTC_Alarm_IRQHandler     0x800'0ed1        Code  Wk  startup_stm32f401xc.o [1]
RTC_WKUP_IRQHandler      0x800'0e55        Code  Wk  startup_stm32f401xc.o [1]
Region$$Table$$Base      0x800'0d98         --   Gb  - Linker created -
Region$$Table$$Limit     0x800'0dac         --   Gb  - Linker created -
Reset_Handler            0x800'0e11        Code  Wk  startup_stm32f401xc.o [1]
SDIO_IRQHandler          0x800'0edd        Code  Wk  startup_stm32f401xc.o [1]
SPI1_IRQHandler          0x800'0cdb   0x2  Code  Gb  stm32f4xx_it.o [2]
SPI2_IRQHandler          0x800'0ec1        Code  Wk  startup_stm32f401xc.o [1]
SPI3_IRQHandler          0x800'0cdd  0x1a  Code  Gb  stm32f4xx_it.o [2]
SPI4_IRQHandler          0x800'0f19        Code  Wk  startup_stm32f401xc.o [1]
SPI_Exchange             0x800'082f  0x52  Code  Gb  driverM.o [5]
SPI_Receive              0x800'0d3d   0xe  Code  Gb  driverS.o [6]
SPI_Start                0x800'0881   0xa  Code  Gb  driverM.o [5]
SPI_WaitResolution       0x800'0805  0x2a  Code  Gb  driverM.o [5]
SVC_Handler              0x800'0e41        Code  Wk  startup_stm32f401xc.o [1]
SysTick_Handler          0x800'0c55   0x2  Code  Gb  stm32f4xx_it.o [2]
SystemClock_Config       0x800'0361  0x60  Code  Gb  main.o [2]
SystemCoreClock         0x2000'0000   0x4  Data  Gb  system_stm32f4xx.o [3]
SystemInit               0x800'0e21   0xc  Code  Gb  system_stm32f4xx.o [3]
TAMP_STAMP_IRQHandler    0x800'0e51        Code  Wk  startup_stm32f401xc.o [1]
TIM1_BRK_TIM9_IRQHandler
                         0x800'0e99        Code  Wk  startup_stm32f401xc.o [1]
TIM1_CC_IRQHandler       0x800'0ea1        Code  Wk  startup_stm32f401xc.o [1]
TIM1_TRG_COM_TIM11_IRQHandler
                         0x800'0e9d        Code  Wk  startup_stm32f401xc.o [1]
TIM1_UP_TIM10_IRQHandler
                         0x800'0c57  0x84  Code  Gb  stm32f4xx_it.o [2]
TIM2_IRQHandler          0x800'0ea5        Code  Wk  startup_stm32f401xc.o [1]
TIM3_IRQHandler          0x800'0ea9        Code  Wk  startup_stm32f401xc.o [1]
TIM4_IRQHandler          0x800'0ead        Code  Wk  startup_stm32f401xc.o [1]
TIM5_IRQHandler          0x800'0ee1        Code  Wk  startup_stm32f401xc.o [1]
USART1_IRQHandler        0x800'0ec5        Code  Wk  startup_stm32f401xc.o [1]
USART2_IRQHandler        0x800'0ec9        Code  Wk  startup_stm32f401xc.o [1]
USART6_IRQHandler        0x800'0f09        Code  Wk  startup_stm32f401xc.o [1]
UsageFault_Handler       0x800'0c51   0x2  Code  Gb  stm32f4xx_it.o [2]
WWDG_IRQHandler          0x800'0e49        Code  Wk  startup_stm32f401xc.o [1]
__NVIC_EnableIRQ         0x800'0499  0x1e  Code  Lc  spi.o [2]
__NVIC_EnableIRQ         0x800'06e9  0x1e  Code  Lc  tim.o [2]
__NVIC_GetPriorityGrouping
                         0x800'01b3   0xa  Code  Lc  main.o [2]
__NVIC_GetPriorityGrouping
                         0x800'048d   0xa  Code  Lc  spi.o [2]
__NVIC_GetPriorityGrouping
                         0x800'06dd   0xa  Code  Lc  tim.o [2]
__NVIC_SetPriority       0x800'01bd  0x2c  Code  Lc  main.o [2]
__NVIC_SetPriority       0x800'04b7  0x2c  Code  Lc  spi.o [2]
__NVIC_SetPriority       0x800'0707  0x2c  Code  Lc  tim.o [2]
__NVIC_SetPriorityGrouping
                         0x800'0195  0x1e  Code  Lc  main.o [2]
__aeabi_memset           0x800'0be1        Code  Gb  ABImemset.o [10]
__cmain                  0x800'0dad        Code  Gb  cmain.o [10]
__exit                   0x800'0de1  0x14  Code  Gb  exit.o [11]
__iar_Memset             0x800'0be1        Code  Gb  ABImemset.o [10]
__iar_Memset_word        0x800'0be9        Code  Gb  ABImemset.o [10]
__iar_copy_init3         0x800'088b  0x2a  Code  Gb  copy_init3.o [10]
__iar_data_init3         0x800'0d4d  0x28  Code  Gb  data_init.o [10]
__iar_init_vfp           0x800'0d75        Code  Gb  fpinit_M.o [9]
__iar_program_start      0x800'0df5        Code  Gb  cstartup_M.o [10]
__low_level_init         0x800'0dcb   0x4  Code  Gb  low_level_init.o [8]
__vector_table           0x800'0000        Data  Gb  startup_stm32f401xc.o [1]
_call_main               0x800'0db9        Code  Gb  cmain.o [10]
_exit                    0x800'0dd5        Code  Gb  cexit.o [10]
btnPushFlag             0x2000'000c   0x1  Data  Gb  stm32f4xx_it.o [2]
buttonCheck              0x800'0d2d  0x10  Code  Gb  input.o [7]
exit                     0x800'0dcf   0x4  Code  Gb  exit.o [8]
ibal                    0x2000'000b   0x1  Data  Gb  stm32f4xx_it.o [2]
main                     0x800'02f3  0x6e  Code  Gb  main.o [2]
memset                   0x800'08f9  0x14  Code  Gb  memset.o [10]
pushByte                0x2000'000a   0x1  Data  Gb  stm32f4xx_it.o [2]
spiStatus1              0x2000'000e   0x1  Data  Gb  stm32f4xx_it.o [2]
spiStatus3              0x2000'000f   0x1  Data  Gb  stm32f4xx_it.o [2]
uebal                   0x2000'000d   0x1  Data  Gb  stm32f4xx_it.o [2]
valRx1                  0x2000'0006   0x2  Data  Gb  stm32f4xx_it.o [2]
valRx3                  0x2000'0008   0x2  Data  Gb  stm32f4xx_it.o [2]
valueTx1                0x2000'0004   0x2  Data  Gb  stm32f4xx_it.o [2]


[1] = C:\Users\Alexej\Desktop\типо проекты\SPI learning\SPI_test\EWARM\SPI_test\Obj\Application\EWARM
[2] = C:\Users\Alexej\Desktop\типо проекты\SPI learning\SPI_test\EWARM\SPI_test\Obj\Application\User\Core
[3] = C:\Users\Alexej\Desktop\типо проекты\SPI learning\SPI_test\EWARM\SPI_test\Obj\Drivers\CMSIS
[4] = C:\Users\Alexej\Desktop\типо проекты\SPI learning\SPI_test\EWARM\SPI_test\Obj\Drivers\STM32F4xx_HAL_Driver
[5] = C:\Users\Alexej\Desktop\типо проекты\SPI learning\SPI_test\EWARM\SPI_test\Obj\custom_cod\SPI_interface\Dominator
[6] = C:\Users\Alexej\Desktop\типо проекты\SPI learning\SPI_test\EWARM\SPI_test\Obj\custom_cod\SPI_interface\FuckingSlave
[7] = C:\Users\Alexej\Desktop\типо проекты\SPI learning\SPI_test\EWARM\SPI_test\Obj\custom_cod\input
[8] = dl7M_tln.a
[9] = m7M_tls.a
[10] = rt7M_tl.a
[11] = shb_l.a

  3'830 bytes of readonly  code memory
     38 bytes of readonly  data memory
  1'040 bytes of readwrite data memory

Errors: none
Warnings: none
