###############################################################################
#
# IAR ELF Linker V9.30.1.335/W64 for ARM                  06/Apr/2025  16:54:47
# Copyright 2007-2022 IAR Systems AB.
#
#    Output file  =
#        C:\Users\Alexej\Desktop\типо
#        проекты\STM32withLCD\STM32withLCD\EWARM\STM32withLCD\Exe\STM32withLCD.out
#    Map file     =
#        C:\Users\Alexej\Desktop\типо
#        проекты\STM32withLCD\STM32withLCD\EWARM\STM32withLCD\List\STM32withLCD.map
#    Command line =
#        -f "C:\Users\Alexej\Desktop\типо
#        проекты\STM32withLCD\STM32withLCD\EWARM\STM32withLCD\Exe\STM32withLCD.out.rsp"
#        ("C:\Users\Alexej\Desktop\типо
#        проекты\STM32withLCD\STM32withLCD\EWARM\STM32withLCD\Obj\UserCode\Delay\delayTim.o"
#        "C:\Users\Alexej\Desktop\типо
#        проекты\STM32withLCD\STM32withLCD\EWARM\STM32withLCD\Obj\UserCode\DriverLCd\driverLCD.o"
#        "C:\Users\Alexej\Desktop\типо
#        проекты\STM32withLCD\STM32withLCD\EWARM\STM32withLCD\Obj\Application\User\Core\gpio.o"
#        "C:\Users\Alexej\Desktop\типо
#        проекты\STM32withLCD\STM32withLCD\EWARM\STM32withLCD\Obj\Application\User\Core\main.o"
#        "C:\Users\Alexej\Desktop\типо
#        проекты\STM32withLCD\STM32withLCD\EWARM\STM32withLCD\Obj\Application\EWARM\startup_stm32f401xc.o"
#        "C:\Users\Alexej\Desktop\типо
#        проекты\STM32withLCD\STM32withLCD\EWARM\STM32withLCD\Obj\Application\User\Core\stm32f4xx_it.o"
#        "C:\Users\Alexej\Desktop\типо
#        проекты\STM32withLCD\STM32withLCD\EWARM\STM32withLCD\Obj\Drivers\STM32F4xx_HAL_Driver\stm32f4xx_ll_exti.o"
#        "C:\Users\Alexej\Desktop\типо
#        проекты\STM32withLCD\STM32withLCD\EWARM\STM32withLCD\Obj\Drivers\STM32F4xx_HAL_Driver\stm32f4xx_ll_gpio.o"
#        "C:\Users\Alexej\Desktop\типо
#        проекты\STM32withLCD\STM32withLCD\EWARM\STM32withLCD\Obj\Drivers\STM32F4xx_HAL_Driver\stm32f4xx_ll_rcc.o"
#        "C:\Users\Alexej\Desktop\типо
#        проекты\STM32withLCD\STM32withLCD\EWARM\STM32withLCD\Obj\Drivers\STM32F4xx_HAL_Driver\stm32f4xx_ll_utils.o"
#        "C:\Users\Alexej\Desktop\типо
#        проекты\STM32withLCD\STM32withLCD\EWARM\STM32withLCD\Obj\Drivers\CMSIS\system_stm32f4xx.o"
#        --no_out_extension -o "C:\Users\Alexej\Desktop\типо
#        проекты\STM32withLCD\STM32withLCD\EWARM\STM32withLCD\Exe\STM32withLCD.out"
#        --redirect _Printf=_PrintfFullNoMb --redirect _Scanf=_ScanfFullNoMb
#        --map "C:\Users\Alexej\Desktop\типо
#        проекты\STM32withLCD\STM32withLCD\EWARM\STM32withLCD\List\STM32withLCD.map"
#        --config "C:\Users\Alexej\Desktop\типо
#        проекты\STM32withLCD\STM32withLCD\EWARM/stm32f401xc_flash.icf"
#        --semihosting --entry __iar_program_start --vfe --text_out locale
#        --cpu=Cortex-M4 --fpu=VFPv4_sp)
#
###############################################################################

*******************************************************************************
*** RUNTIME MODEL ATTRIBUTES
***

CppFlavor       = *
__CPP_Runtime   = 1
__SystemLibrary = DLib
__dlib_version  = 6


*******************************************************************************
*** HEAP SELECTION
***

The basic heap was selected because --advanced_heap
was not specified and the application did not appear to
be primarily optimized for speed.


*******************************************************************************
*** PLACEMENT SUMMARY
***

"A0":  place at address 0x800'0000 { ro section .intvec };
"P1":  place in [from 0x800'0000 to 0x803'ffff] { ro };
define block CSTACK with size = 1K, alignment = 8 { };
define block HEAP with size = 512, alignment = 8 { };
"P2":  place in [from 0x2000'0000 to 0x2000'ffff] {
          rw, block CSTACK, block HEAP };
initialize by copy { rw };

  Section            Kind         Address   Size  Object
  -------            ----         -------   ----  ------
"A0":                                      0x194
  .intvec            ro code   0x800'0000  0x194  startup_stm32f401xc.o [1]
                             - 0x800'0194  0x194

"P1":                                      0x93c
  .text              ro code   0x800'0194  0x274  main.o [2]
  .text              ro code   0x800'0408   0x64  gpio.o [2]
  .text              ro code   0x800'046c  0x17c  driverLCD.o [6]
  .text              ro code   0x800'05e8   0x84  delayTim.o [5]
  .text              ro code   0x800'066c   0x44  stm32f4xx_ll_utils.o [4]
  .text              ro code   0x800'06b0   0x14  memset.o [9]
  .text              ro code   0x800'06c4  0x17a  stm32f4xx_ll_gpio.o [4]
  .text              ro code   0x800'083e   0x2a  copy_init3.o [9]
  .text              ro code   0x800'0868   0x66  ABImemset.o [9]
  .text              ro code   0x800'08ce    0x2  stm32f4xx_it.o [2]
  .text              ro code   0x800'08d0   0x28  data_init.o [9]
  .text              ro code   0x800'08f8   0x22  fpinit_M.o [8]
  .iar.init_table    const     0x800'091c   0x14  - Linker created -
  .text              ro code   0x800'0930   0x1e  cmain.o [9]
  .text              ro code   0x800'094e    0x4  low_level_init.o [7]
  .text              ro code   0x800'0952    0x4  exit.o [7]
  .text              ro code   0x800'0958    0xa  cexit.o [9]
  .text              ro code   0x800'0964   0x14  exit.o [10]
  .text              ro code   0x800'0978   0x1c  cstartup_M.o [9]
  Initializer bytes  const     0x800'0994   0x1c  <for P2-1>
  .text              ro code   0x800'09b0   0x10  startup_stm32f401xc.o [1]
  .text              ro code   0x800'09c0   0x10  system_stm32f4xx.o [3]
  .text              ro code   0x800'09d0    0x4  startup_stm32f401xc.o [1]
  .text              ro code   0x800'09d4    0x4  startup_stm32f401xc.o [1]
  .text              ro code   0x800'09d8    0x4  startup_stm32f401xc.o [1]
  .text              ro code   0x800'09dc    0x4  startup_stm32f401xc.o [1]
  .text              ro code   0x800'09e0    0x4  startup_stm32f401xc.o [1]
  .text              ro code   0x800'09e4    0x4  startup_stm32f401xc.o [1]
  .text              ro code   0x800'09e8    0x4  startup_stm32f401xc.o [1]
  .text              ro code   0x800'09ec    0x4  startup_stm32f401xc.o [1]
  .text              ro code   0x800'09f0    0x4  startup_stm32f401xc.o [1]
  .text              ro code   0x800'09f4    0x4  startup_stm32f401xc.o [1]
  .text              ro code   0x800'09f8    0x4  startup_stm32f401xc.o [1]
  .text              ro code   0x800'09fc    0x4  startup_stm32f401xc.o [1]
  .text              ro code   0x800'0a00    0x4  startup_stm32f401xc.o [1]
  .text              ro code   0x800'0a04    0x4  startup_stm32f401xc.o [1]
  .text              ro code   0x800'0a08    0x4  startup_stm32f401xc.o [1]
  .text              ro code   0x800'0a0c    0x4  startup_stm32f401xc.o [1]
  .text              ro code   0x800'0a10    0x4  startup_stm32f401xc.o [1]
  .text              ro code   0x800'0a14    0x4  startup_stm32f401xc.o [1]
  .text              ro code   0x800'0a18    0x4  startup_stm32f401xc.o [1]
  .text              ro code   0x800'0a1c    0x4  startup_stm32f401xc.o [1]
  .text              ro code   0x800'0a20    0x4  startup_stm32f401xc.o [1]
  .text              ro code   0x800'0a24    0x4  startup_stm32f401xc.o [1]
  .text              ro code   0x800'0a28    0x4  startup_stm32f401xc.o [1]
  .text              ro code   0x800'0a2c    0x4  startup_stm32f401xc.o [1]
  .text              ro code   0x800'0a30    0x4  startup_stm32f401xc.o [1]
  .text              ro code   0x800'0a34    0x4  startup_stm32f401xc.o [1]
  .text              ro code   0x800'0a38    0x4  startup_stm32f401xc.o [1]
  .text              ro code   0x800'0a3c    0x4  startup_stm32f401xc.o [1]
  .text              ro code   0x800'0a40    0x4  startup_stm32f401xc.o [1]
  .text              ro code   0x800'0a44    0x4  startup_stm32f401xc.o [1]
  .text              ro code   0x800'0a48    0x4  startup_stm32f401xc.o [1]
  .text              ro code   0x800'0a4c    0x4  startup_stm32f401xc.o [1]
  .text              ro code   0x800'0a50    0x4  startup_stm32f401xc.o [1]
  .text              ro code   0x800'0a54    0x4  startup_stm32f401xc.o [1]
  .text              ro code   0x800'0a58    0x4  startup_stm32f401xc.o [1]
  .text              ro code   0x800'0a5c    0x4  startup_stm32f401xc.o [1]
  .text              ro code   0x800'0a60    0x4  startup_stm32f401xc.o [1]
  .text              ro code   0x800'0a64    0x4  startup_stm32f401xc.o [1]
  .text              ro code   0x800'0a68    0x4  startup_stm32f401xc.o [1]
  .text              ro code   0x800'0a6c    0x4  startup_stm32f401xc.o [1]
  .text              ro code   0x800'0a70    0x4  startup_stm32f401xc.o [1]
  .text              ro code   0x800'0a74    0x4  startup_stm32f401xc.o [1]
  .text              ro code   0x800'0a78    0x4  startup_stm32f401xc.o [1]
  .text              ro code   0x800'0a7c    0x4  startup_stm32f401xc.o [1]
  .text              ro code   0x800'0a80    0x4  startup_stm32f401xc.o [1]
  .text              ro code   0x800'0a84    0x4  startup_stm32f401xc.o [1]
  .text              ro code   0x800'0a88    0x4  startup_stm32f401xc.o [1]
  .text              ro code   0x800'0a8c    0x4  startup_stm32f401xc.o [1]
  .text              ro code   0x800'0a90    0x4  startup_stm32f401xc.o [1]
  .text              ro code   0x800'0a94    0x4  startup_stm32f401xc.o [1]
  .text              ro code   0x800'0a98    0x4  startup_stm32f401xc.o [1]
  .text              ro code   0x800'0a9c    0x4  startup_stm32f401xc.o [1]
  .text              ro code   0x800'0aa0    0x4  startup_stm32f401xc.o [1]
  .text              ro code   0x800'0aa4    0x4  startup_stm32f401xc.o [1]
  .text              ro code   0x800'0aa8    0x4  startup_stm32f401xc.o [1]
  .text              ro code   0x800'0aac    0x4  startup_stm32f401xc.o [1]
  .text              ro code   0x800'0ab0    0x4  startup_stm32f401xc.o [1]
  .text              ro code   0x800'0ab4    0x4  startup_stm32f401xc.o [1]
  .text              ro code   0x800'0ab8    0x4  startup_stm32f401xc.o [1]
  .text              ro code   0x800'0abc    0x4  startup_stm32f401xc.o [1]
  .text              ro code   0x800'0ac0    0x4  startup_stm32f401xc.o [1]
  .text              ro code   0x800'0ac4    0x4  startup_stm32f401xc.o [1]
  .text              ro code   0x800'0ac8    0x4  startup_stm32f401xc.o [1]
  .text              ro code   0x800'0acc    0x4  startup_stm32f401xc.o [1]
  .rodata            const     0x800'0ad0    0x0  copy_init3.o [9]
                             - 0x800'0ad0  0x93c

"P2", part 1 of 2:                          0x1c
  P2-1                        0x2000'0000   0x1a  <Init block>
    .data            inited   0x2000'0000    0x8  main.o [2]
    .data            inited   0x2000'0008    0xc  main.o [2]
    .data            inited   0x2000'0014    0x4  system_stm32f4xx.o [3]
    .data            inited   0x2000'0018    0x2  main.o [2]
                            - 0x2000'001a   0x1a

"P2", part 2 of 2:                         0x400
  CSTACK                      0x2000'0020  0x400  <Block>
    CSTACK           uninit   0x2000'0020  0x400  <Block tail>
                            - 0x2000'0420  0x400

Unused ranges:

         From           To      Size
         ----           --      ----
   0x800'0ad0   0x803'ffff  0x3'f530
  0x2000'001c  0x2000'001f       0x4
  0x2000'0420  0x2000'ffff    0xfbe0


*******************************************************************************
*** INIT TABLE
***

          Address      Size
          -------      ----
Copy (__iar_copy_init3)
    1 source range, total size 0x1c (107% of destination):
           0x800'0994  0x1c
    1 destination range, total size 0x1a:
          0x2000'0000  0x1a



*******************************************************************************
*** MODULE SUMMARY
***

    Module                 ro code  ro data  rw data
    ------                 -------  -------  -------
command line/config:
    ------------------------------------------------
    Total:

C:\Users\Alexej\Desktop\типо проекты\STM32withLCD\STM32withLCD\EWARM\STM32withLCD\Obj\Application\EWARM: [1]
    startup_stm32f401xc.o      676
    ------------------------------------------------
    Total:                     676

C:\Users\Alexej\Desktop\типо проекты\STM32withLCD\STM32withLCD\EWARM\STM32withLCD\Obj\Application\User\Core: [2]
    gpio.o                     100
    main.o                     628       22       22
    stm32f4xx_it.o               2
    ------------------------------------------------
    Total:                     730       22       22

C:\Users\Alexej\Desktop\типо проекты\STM32withLCD\STM32withLCD\EWARM\STM32withLCD\Obj\Drivers\CMSIS: [3]
    system_stm32f4xx.o          16        4        4
    ------------------------------------------------
    Total:                      16        4        4

C:\Users\Alexej\Desktop\типо проекты\STM32withLCD\STM32withLCD\EWARM\STM32withLCD\Obj\Drivers\STM32F4xx_HAL_Driver: [4]
    stm32f4xx_ll_gpio.o        378
    stm32f4xx_ll_utils.o        68
    ------------------------------------------------
    Total:                     446

C:\Users\Alexej\Desktop\типо проекты\STM32withLCD\STM32withLCD\EWARM\STM32withLCD\Obj\UserCode\Delay: [5]
    delayTim.o                 132
    ------------------------------------------------
    Total:                     132

C:\Users\Alexej\Desktop\типо проекты\STM32withLCD\STM32withLCD\EWARM\STM32withLCD\Obj\UserCode\DriverLCd: [6]
    driverLCD.o                380
    ------------------------------------------------
    Total:                     380

dl7M_tln.a: [7]
    exit.o                       4
    low_level_init.o             4
    ------------------------------------------------
    Total:                       8

m7M_tls.a: [8]
    fpinit_M.o                  34
    ------------------------------------------------
    Total:                      34

rt7M_tl.a: [9]
    ABImemset.o                102
    cexit.o                     10
    cmain.o                     30
    copy_init3.o                42
    cstartup_M.o                28
    data_init.o                 40
    memset.o                    20
    ------------------------------------------------
    Total:                     272

shb_l.a: [10]
    exit.o                      20
    ------------------------------------------------
    Total:                      20

    Gaps                         4        2
    Linker created                       22    1'024
----------------------------------------------------
    Grand Total:             2'718       50    1'050


*******************************************************************************
*** ENTRY LIST
***

Entry                       Address  Size  Type      Object
-----                       -------  ----  ----      ------
.iar.init_table$$Base    0x800'091c         --   Gb  - Linker created -
.iar.init_table$$Limit   0x800'0930         --   Gb  - Linker created -
?main                    0x800'0931        Code  Gb  cmain.o [9]
ADC_IRQHandler           0x800'0a39        Code  Wk  startup_stm32f401xc.o [1]
BusFault_Handler         0x800'09dd        Code  Wk  startup_stm32f401xc.o [1]
CSTACK$$Base            0x2000'0020         --   Gb  - Linker created -
CSTACK$$Limit           0x2000'0420         --   Gb  - Linker created -
DMA1_Stream0_IRQHandler
                         0x800'0a1d        Code  Wk  startup_stm32f401xc.o [1]
DMA1_Stream1_IRQHandler
                         0x800'0a21        Code  Wk  startup_stm32f401xc.o [1]
DMA1_Stream2_IRQHandler
                         0x800'0a25        Code  Wk  startup_stm32f401xc.o [1]
DMA1_Stream3_IRQHandler
                         0x800'0a29        Code  Wk  startup_stm32f401xc.o [1]
DMA1_Stream4_IRQHandler
                         0x800'0a2d        Code  Wk  startup_stm32f401xc.o [1]
DMA1_Stream5_IRQHandler
                         0x800'0a31        Code  Wk  startup_stm32f401xc.o [1]
DMA1_Stream6_IRQHandler
                         0x800'0a35        Code  Wk  startup_stm32f401xc.o [1]
DMA1_Stream7_IRQHandler
                         0x800'0a89        Code  Wk  startup_stm32f401xc.o [1]
DMA2_Stream0_IRQHandler
                         0x800'0a99        Code  Wk  startup_stm32f401xc.o [1]
DMA2_Stream1_IRQHandler
                         0x800'0a9d        Code  Wk  startup_stm32f401xc.o [1]
DMA2_Stream2_IRQHandler
                         0x800'0aa1        Code  Wk  startup_stm32f401xc.o [1]
DMA2_Stream3_IRQHandler
                         0x800'0aa5        Code  Wk  startup_stm32f401xc.o [1]
DMA2_Stream4_IRQHandler
                         0x800'0aa9        Code  Wk  startup_stm32f401xc.o [1]
DMA2_Stream5_IRQHandler
                         0x800'0ab1        Code  Wk  startup_stm32f401xc.o [1]
DMA2_Stream6_IRQHandler
                         0x800'0ab5        Code  Wk  startup_stm32f401xc.o [1]
DMA2_Stream7_IRQHandler
                         0x800'0ab9        Code  Wk  startup_stm32f401xc.o [1]
DebugMon_Handler         0x800'09e9        Code  Wk  startup_stm32f401xc.o [1]
ENclock                  0x800'0599  0x28  Code  Gb  driverLCD.o [6]
EXTI0_IRQHandler         0x800'0a09        Code  Wk  startup_stm32f401xc.o [1]
EXTI15_10_IRQHandler     0x800'0a7d        Code  Wk  startup_stm32f401xc.o [1]
EXTI1_IRQHandler         0x800'0a0d        Code  Wk  startup_stm32f401xc.o [1]
EXTI2_IRQHandler         0x800'0a11        Code  Wk  startup_stm32f401xc.o [1]
EXTI3_IRQHandler         0x800'0a15        Code  Wk  startup_stm32f401xc.o [1]
EXTI4_IRQHandler         0x800'0a19        Code  Wk  startup_stm32f401xc.o [1]
EXTI9_5_IRQHandler       0x800'0a3d        Code  Wk  startup_stm32f401xc.o [1]
FLASH_IRQHandler         0x800'0a01        Code  Wk  startup_stm32f401xc.o [1]
FPU_IRQHandler           0x800'0ac9        Code  Wk  startup_stm32f401xc.o [1]
HardFault_Handler        0x800'09d5        Code  Wk  startup_stm32f401xc.o [1]
I2C1_ER_IRQHandler       0x800'0a61        Code  Wk  startup_stm32f401xc.o [1]
I2C1_EV_IRQHandler       0x800'0a5d        Code  Wk  startup_stm32f401xc.o [1]
I2C2_ER_IRQHandler       0x800'0a69        Code  Wk  startup_stm32f401xc.o [1]
I2C2_EV_IRQHandler       0x800'0a65        Code  Wk  startup_stm32f401xc.o [1]
I2C3_ER_IRQHandler       0x800'0ac5        Code  Wk  startup_stm32f401xc.o [1]
I2C3_EV_IRQHandler       0x800'0ac1        Code  Wk  startup_stm32f401xc.o [1]
LCD_Init_4bit            0x800'046d  0x42  Code  Gb  driverLCD.o [6]
LCD_clear                0x800'05d9  0x10  Code  Gb  driverLCD.o [6]
LCD_displayControl       0x800'05cf   0xa  Code  Gb  driverLCD.o [6]
LCD_entyModeSet          0x800'05c5   0xa  Code  Gb  driverLCD.o [6]
LCD_sendCmd              0x800'04d7  0x48  Code  Gb  driverLCD.o [6]
LCD_sendCmd_0            0x800'04af  0x28  Code  Gb  driverLCD.o [6]
LCD_sendData             0x800'051f  0x50  Code  Gb  driverLCD.o [6]
LCD_sendString           0x800'056f  0x2a  Code  Gb  driverLCD.o [6]
LL_AHB1_GRP1_EnableClock
                         0x800'0409  0x16  Code  Lc  gpio.o [2]
LL_APB1_GRP1_EnableClock
                         0x800'02a1  0x16  Code  Lc  main.o [2]
LL_APB2_GRP1_EnableClock
                         0x800'02b7  0x16  Code  Lc  main.o [2]
LL_FLASH_GetLatency      0x800'02db   0xa  Code  Lc  main.o [2]
LL_FLASH_SetLatency      0x800'02cd   0xe  Code  Lc  main.o [2]
LL_GPIO_Init             0x800'07b1  0x8e  Code  Gb  stm32f4xx_ll_gpio.o [4]
LL_GPIO_ResetOutputPin   0x800'041f   0x6  Code  Lc  gpio.o [2]
LL_GPIO_SetAFPin_0_7     0x800'0755  0x2a  Code  Lc  stm32f4xx_ll_gpio.o [4]
LL_GPIO_SetAFPin_8_15    0x800'077f  0x32  Code  Lc  stm32f4xx_ll_gpio.o [4]
LL_GPIO_SetPinMode       0x800'06c5  0x2a  Code  Lc  stm32f4xx_ll_gpio.o [4]
LL_GPIO_SetPinOutputType
                         0x800'06ef  0x12  Code  Lc  stm32f4xx_ll_gpio.o [4]
LL_GPIO_SetPinPull       0x800'072b  0x2a  Code  Lc  stm32f4xx_ll_gpio.o [4]
LL_GPIO_SetPinSpeed      0x800'0701  0x2a  Code  Lc  stm32f4xx_ll_gpio.o [4]
LL_Init1msTick           0x800'068b  0x10  Code  Gb  stm32f4xx_ll_utils.o [4]
LL_InitTick              0x800'066d  0x1e  Code  Lc  stm32f4xx_ll_utils.o [4]
LL_PWR_SetRegulVoltageScaling
                         0x800'02e5   0xe  Code  Lc  main.o [2]
LL_RCC_GetSysClkSource   0x800'025f   0xa  Code  Lc  main.o [2]
LL_RCC_HSI_Enable        0x800'0229   0xc  Code  Lc  main.o [2]
LL_RCC_HSI_IsReady       0x800'0235   0xc  Code  Lc  main.o [2]
LL_RCC_HSI_SetCalibTrimming
                         0x800'0241  0x10  Code  Lc  main.o [2]
LL_RCC_SetAHBPrescaler   0x800'0269   0xe  Code  Lc  main.o [2]
LL_RCC_SetAPB1Prescaler
                         0x800'0277   0xe  Code  Lc  main.o [2]
LL_RCC_SetAPB2Prescaler
                         0x800'0285   0xe  Code  Lc  main.o [2]
LL_RCC_SetSysClkSource   0x800'0251   0xe  Code  Lc  main.o [2]
LL_RCC_SetTIMPrescaler   0x800'0293   0xe  Code  Lc  main.o [2]
LL_SetSystemCoreClock    0x800'069b   0x6  Code  Gb  stm32f4xx_ll_utils.o [4]
MX_GPIO_Init             0x800'0425  0x3e  Code  Gb  gpio.o [2]
MemManage_Handler        0x800'09d9        Code  Wk  startup_stm32f401xc.o [1]
NMI_Handler              0x800'09d1        Code  Wk  startup_stm32f401xc.o [1]
NVIC_EncodePriority      0x800'01e9  0x40  Code  Lc  main.o [2]
OTG_FS_IRQHandler        0x800'0aad        Code  Wk  startup_stm32f401xc.o [1]
OTG_FS_WKUP_IRQHandler   0x800'0a85        Code  Wk  startup_stm32f401xc.o [1]
PVD_IRQHandler           0x800'09f5        Code  Wk  startup_stm32f401xc.o [1]
PendSV_Handler           0x800'09ed        Code  Wk  startup_stm32f401xc.o [1]
RCC_IRQHandler           0x800'0a05        Code  Wk  startup_stm32f401xc.o [1]
RTC_Alarm_IRQHandler     0x800'0a81        Code  Wk  startup_stm32f401xc.o [1]
RTC_WKUP_IRQHandler      0x800'09fd        Code  Wk  startup_stm32f401xc.o [1]
Region$$Table$$Base      0x800'091c         --   Gb  - Linker created -
Region$$Table$$Limit     0x800'0930         --   Gb  - Linker created -
Reset_Handler            0x800'09b1        Code  Wk  startup_stm32f401xc.o [1]
SDIO_IRQHandler          0x800'0a8d        Code  Wk  startup_stm32f401xc.o [1]
SPI1_IRQHandler          0x800'0a6d        Code  Wk  startup_stm32f401xc.o [1]
SPI2_IRQHandler          0x800'0a71        Code  Wk  startup_stm32f401xc.o [1]
SPI3_IRQHandler          0x800'0a95        Code  Wk  startup_stm32f401xc.o [1]
SPI4_IRQHandler          0x800'0acd        Code  Wk  startup_stm32f401xc.o [1]
SVC_Handler              0x800'09e5        Code  Wk  startup_stm32f401xc.o [1]
SysTick_Handler          0x800'08cf   0x2  Code  Gb  stm32f4xx_it.o [2]
SystemClock_Config       0x800'036b  0x60  Code  Gb  main.o [2]
SystemCoreClock         0x2000'0014   0x4  Data  Gb  system_stm32f4xx.o [3]
SystemInit               0x800'09c1   0xc  Code  Gb  system_stm32f4xx.o [3]
TAMP_STAMP_IRQHandler    0x800'09f9        Code  Wk  startup_stm32f401xc.o [1]
TIM1_BRK_TIM9_IRQHandler
                         0x800'0a41        Code  Wk  startup_stm32f401xc.o [1]
TIM1_CC_IRQHandler       0x800'0a4d        Code  Wk  startup_stm32f401xc.o [1]
TIM1_TRG_COM_TIM11_IRQHandler
                         0x800'0a49        Code  Wk  startup_stm32f401xc.o [1]
TIM1_UP_TIM10_IRQHandler
                         0x800'0a45        Code  Wk  startup_stm32f401xc.o [1]
TIM2_IRQHandler          0x800'0a51        Code  Wk  startup_stm32f401xc.o [1]
TIM3_IRQHandler          0x800'0a55        Code  Wk  startup_stm32f401xc.o [1]
TIM4_IRQHandler          0x800'0a59        Code  Wk  startup_stm32f401xc.o [1]
TIM5_IRQHandler          0x800'0a91        Code  Wk  startup_stm32f401xc.o [1]
USART1_IRQHandler        0x800'0a75        Code  Wk  startup_stm32f401xc.o [1]
USART2_IRQHandler        0x800'0a79        Code  Wk  startup_stm32f401xc.o [1]
USART6_IRQHandler        0x800'0abd        Code  Wk  startup_stm32f401xc.o [1]
UsageFault_Handler       0x800'09e1        Code  Wk  startup_stm32f401xc.o [1]
WWDG_IRQHandler          0x800'09f1        Code  Wk  startup_stm32f401xc.o [1]
__NVIC_GetPriorityGrouping
                         0x800'01b3   0xa  Code  Lc  main.o [2]
__NVIC_SetPriority       0x800'01bd  0x2c  Code  Lc  main.o [2]
__NVIC_SetPriorityGrouping
                         0x800'0195  0x1e  Code  Lc  main.o [2]
__aeabi_memset           0x800'0869        Code  Gb  ABImemset.o [9]
__cmain                  0x800'0931        Code  Gb  cmain.o [9]
__exit                   0x800'0965  0x14  Code  Gb  exit.o [10]
__iar_Memset             0x800'0869        Code  Gb  ABImemset.o [9]
__iar_Memset_word        0x800'0871        Code  Gb  ABImemset.o [9]
__iar_copy_init3         0x800'083f  0x2a  Code  Gb  copy_init3.o [9]
__iar_data_init3         0x800'08d1  0x28  Code  Gb  data_init.o [9]
__iar_init_vfp           0x800'08f9        Code  Gb  fpinit_M.o [8]
__iar_program_start      0x800'0979        Code  Gb  cstartup_M.o [9]
__low_level_init         0x800'094f   0x4  Code  Gb  low_level_init.o [7]
__vector_table           0x800'0000        Data  Gb  startup_stm32f401xc.o [1]
_call_main               0x800'093d        Code  Gb  cmain.o [9]
_exit                    0x800'0959        Code  Gb  cexit.o [9]
delay_ms                 0x800'061f  0x38  Code  Gb  delayTim.o [5]
delay_us                 0x800'05e9  0x36  Code  Gb  delayTim.o [5]
exit                     0x800'0953   0x4  Code  Gb  exit.o [7]
main                     0x800'02f3  0x78  Code  Gb  main.o [2]
memset                   0x800'06b1  0x14  Code  Gb  memset.o [9]
str                     0x2000'0000   0x8  Data  Gb  main.o [2]
str1                    0x2000'0018   0x2  Data  Gb  main.o [2]
str2                    0x2000'0008   0xc  Data  Gb  main.o [2]


[1] = C:\Users\Alexej\Desktop\типо проекты\STM32withLCD\STM32withLCD\EWARM\STM32withLCD\Obj\Application\EWARM
[2] = C:\Users\Alexej\Desktop\типо проекты\STM32withLCD\STM32withLCD\EWARM\STM32withLCD\Obj\Application\User\Core
[3] = C:\Users\Alexej\Desktop\типо проекты\STM32withLCD\STM32withLCD\EWARM\STM32withLCD\Obj\Drivers\CMSIS
[4] = C:\Users\Alexej\Desktop\типо проекты\STM32withLCD\STM32withLCD\EWARM\STM32withLCD\Obj\Drivers\STM32F4xx_HAL_Driver
[5] = C:\Users\Alexej\Desktop\типо проекты\STM32withLCD\STM32withLCD\EWARM\STM32withLCD\Obj\UserCode\Delay
[6] = C:\Users\Alexej\Desktop\типо проекты\STM32withLCD\STM32withLCD\EWARM\STM32withLCD\Obj\UserCode\DriverLCd
[7] = dl7M_tln.a
[8] = m7M_tls.a
[9] = rt7M_tl.a
[10] = shb_l.a

  2'718 bytes of readonly  code memory
     50 bytes of readonly  data memory
  1'050 bytes of readwrite data memory

Errors: none
Warnings: none
